[    0.000000] Initializing cgroup subsys cpuset
[    0.000000] Initializing cgroup subsys cpu
[    0.000000] Initializing cgroup subsys cpuacct
[    0.000000] Linux version 4.4.0-190-generic (buildd@lcy01-amd64-027) (gcc version 5.4.0 20160609 (Ubuntu 5.4.0-6ubuntu1~16.04.12) ) #220-Ubuntu SMP Fri Aug 28 23:00:57 UTC 2020 (Ubuntu 4.4.0-190.220-generic 4.4.233)
[    0.000000] KERNEL supported cpus:
[    0.000000]   Intel GenuineIntel
[    0.000000]   AMD AuthenticAMD
[    0.000000]   NSC Geode by NSC
[    0.000000]   Cyrix CyrixInstead
[    0.000000]   Centaur CentaurHauls
[    0.000000]   Transmeta GenuineTMx86
[    0.000000]   Transmeta TransmetaCPU
[    0.000000]   UMC UMC UMC UMC
[    0.000000] x86/fpu: xstate_offset[2]:  576, xstate_sizes[2]:  256
[    0.000000] x86/fpu: Supporting XSAVE feature 0x01: 'x87 floating point registers'
[    0.000000] x86/fpu: Supporting XSAVE feature 0x02: 'SSE registers'
[    0.000000] x86/fpu: Supporting XSAVE feature 0x04: 'AVX registers'
[    0.000000] x86/fpu: Enabled xstate features 0x7, context size is 832 bytes, using 'standard' format.
[    0.000000] e820: BIOS-provided physical RAM map:
[    0.000000] BIOS-e820: [mem 0x0000000000000000-0x000000000009fbff] usable
[    0.000000] BIOS-e820: [mem 0x000000000009fc00-0x000000000009ffff] reserved
[    0.000000] BIOS-e820: [mem 0x00000000000f0000-0x00000000000fffff] reserved
[    0.000000] BIOS-e820: [mem 0x0000000000100000-0x000000003ffeffff] usable
[    0.000000] BIOS-e820: [mem 0x000000003fff0000-0x000000003fffffff] ACPI data
[    0.000000] BIOS-e820: [mem 0x00000000fec00000-0x00000000fec00fff] reserved
[    0.000000] BIOS-e820: [mem 0x00000000fee00000-0x00000000fee00fff] reserved
[    0.000000] BIOS-e820: [mem 0x00000000fffc0000-0x00000000ffffffff] reserved
[    0.000000] NX (Execute Disable) protection: active
[    0.000000] SMBIOS 2.5 present.
[    0.000000] Hypervisor detected: KVM
[    0.000000] e820: last_pfn = 0x3fff0 max_arch_pfn = 0x1000000
[    0.000000] MTRR: Disabled
[    0.000000] x86/PAT: MTRRs disabled, skipping PAT initialization too.
[    0.000000] CPU MTRRs all blank - virtualized system.
[    0.000000] x86/PAT: Configuration [0-7]: WB  WT  UC- UC  WB  WT  UC- UC  
[    0.000000] found SMP MP-table at [mem 0x0009fff0-0x0009ffff] mapped at [c009fff0]
[    0.000000] Scanning 1 areas for low memory corruption
[    0.000000] RAMDISK: [mem 0x362e8000-0x3716bfff]
[    0.000000] ACPI: Early table checksum verification disabled
[    0.000000] ACPI: RSDP 0x00000000000E0000 000024 (v02 VBOX  )
[    0.000000] ACPI: XSDT 0x000000003FFF0030 00003C (v01 VBOX   VBOXXSDT 00000001 ASL  00000061)
[    0.000000] ACPI: FACP 0x000000003FFF00F0 0000F4 (v04 VBOX   VBOXFACP 00000001 ASL  00000061)
[    0.000000] ACPI: DSDT 0x000000003FFF0470 002325 (v02 VBOX   VBOXBIOS 00000002 INTL 20100528)
[    0.000000] ACPI: FACS 0x000000003FFF0200 000040
[    0.000000] ACPI: FACS 0x000000003FFF0200 000040
[    0.000000] ACPI: APIC 0x000000003FFF0240 00005C (v02 VBOX   VBOXAPIC 00000001 ASL  00000061)
[    0.000000] ACPI: SSDT 0x000000003FFF02A0 0001CC (v01 VBOX   VBOXCPUT 00000002 INTL 20100528)
[    0.000000] 131MB HIGHMEM available.
[    0.000000] 891MB LOWMEM available.
[    0.000000]   mapped low ram: 0 - 37bfe000
[    0.000000]   low ram: 0 - 37bfe000
[    0.000000] kvm-clock: Using msrs 4b564d01 and 4b564d00
[    0.000000] kvm-clock: cpu 0, msr 0:37bfd001, primary cpu clock
[    0.000000] kvm-clock: using sched offset of 3377193860 cycles
[    0.000000] clocksource: kvm-clock: mask: 0xffffffffffffffff max_cycles: 0x1cd42e4dffb, max_idle_ns: 881590591483 ns
[    0.000000] Zone ranges:
[    0.000000]   DMA      [mem 0x0000000000001000-0x0000000000ffffff]
[    0.000000]   Normal   [mem 0x0000000001000000-0x0000000037bfdfff]
[    0.000000]   HighMem  [mem 0x0000000037bfe000-0x000000003ffeffff]
[    0.000000] Movable zone start for each node
[    0.000000] Early memory node ranges
[    0.000000]   node   0: [mem 0x0000000000001000-0x000000000009efff]
[    0.000000]   node   0: [mem 0x0000000000100000-0x000000003ffeffff]
[    0.000000] Initmem setup node 0 [mem 0x0000000000001000-0x000000003ffeffff]
[    0.000000] Using APIC driver default
[    0.000000] ACPI: PM-Timer IO Port: 0x4008
[    0.000000] IOAPIC[0]: apic_id 2, version 32, address 0xfec00000, GSI 0-23
[    0.000000] ACPI: INT_SRC_OVR (bus 0 bus_irq 0 global_irq 2 dfl dfl)
[    0.000000] ACPI: INT_SRC_OVR (bus 0 bus_irq 9 global_irq 9 low level)
[    0.000000] Using ACPI (MADT) for SMP configuration information
[    0.000000] smpboot: Allowing 2 CPUs, 0 hotplug CPUs
[    0.000000] PM: Registered nosave memory: [mem 0x00000000-0x00000fff]
[    0.000000] PM: Registered nosave memory: [mem 0x0009f000-0x0009ffff]
[    0.000000] PM: Registered nosave memory: [mem 0x000a0000-0x000effff]
[    0.000000] PM: Registered nosave memory: [mem 0x000f0000-0x000fffff]
[    0.000000] e820: [mem 0x40000000-0xfebfffff] available for PCI devices
[    0.000000] Booting paravirtualized kernel on KVM
[    0.000000] clocksource: refined-jiffies: mask: 0xffffffff max_cycles: 0xffffffff, max_idle_ns: 7645519600211568 ns
[    0.000000] setup_percpu: NR_CPUS:8 nr_cpumask_bits:8 nr_cpu_ids:2 nr_node_ids:1
[    0.000000] PERCPU: Embedded 18 pages/cpu @f71b2000 s43276 r0 d30452 u73728
[    0.000000] Built 1 zonelists in Zone order, mobility grouping on.  Total pages: 259800
[    0.000000] Kernel command line: BOOT_IMAGE=/boot/vmlinuz-4.4.0-190-generic root=LABEL=cloudimg-rootfs ro console=tty1 console=ttyS0
[    0.000000] PID hash table entries: 4096 (order: 2, 16384 bytes)
[    0.000000] Dentry cache hash table entries: 131072 (order: 7, 524288 bytes)
[    0.000000] Inode-cache hash table entries: 65536 (order: 6, 262144 bytes)
[    0.000000] Initializing CPU#0
[    0.000000] Initializing HighMem for node 0 (00037bfe:0003fff0)
[    0.000000] Initializing Movable for node 0 (00000000:00000000)
[    0.000000] Memory: 1007832K/1048120K available (8147K kernel code, 790K rwdata, 3212K rodata, 940K init, 788K bss, 40288K reserved, 0K cma-reserved, 135112K highmem)
[    0.000000] virtual kernel memory layout:
[    0.000000]     fixmap  : 0xfff15000 - 0xfffff000   ( 936 kB)
[    0.000000]     pkmap   : 0xffc00000 - 0xffe00000   (2048 kB)
[    0.000000]     vmalloc : 0xf83fe000 - 0xffbfe000   ( 120 MB)
[    0.000000]     lowmem  : 0xc0000000 - 0xf7bfe000   ( 891 MB)
[    0.000000]       .init : 0xc1be1000 - 0xc1ccc000   ( 940 kB)
[    0.000000]       .data : 0xc17f51f8 - 0xc1bdfac0   (4010 kB)
[    0.000000]       .text : 0xc1000000 - 0xc17f51f8   (8148 kB)
[    0.000000] Checking if this processor honours the WP bit even in supervisor mode...Ok.
[    0.000000] SLUB: HWalign=64, Order=0-3, MinObjects=0, CPUs=2, Nodes=1
[    0.000000] Hierarchical RCU implementation.
[    0.000000] 	Build-time adjustment of leaf fanout to 32.
[    0.000000] 	RCU restricting CPUs from NR_CPUS=8 to nr_cpu_ids=2.
[    0.000000] RCU: Adjusting geometry for rcu_fanout_leaf=32, nr_cpu_ids=2
[    0.000000] NR_IRQS:2304 nr_irqs:440 16
[    0.000000] Console: colour VGA+ 80x25
[    0.000000] console [tty1] enabled
[    0.000000] console [ttyS0] enabled
[    0.000000] allocated 1048576 bytes of page_ext
[    0.000000] tsc: Detected 2592.004 MHz processor
[    0.159306] Calibrating delay loop (skipped) preset value.. 5184.00 BogoMIPS (lpj=10368016)
[    0.161057] pid_max: default: 32768 minimum: 301
[    0.161986] ACPI: Core revision 20150930
[    0.164157] ACPI: 2 ACPI AML tables successfully acquired and loaded
[    0.165442] Security Framework initialized
[    0.166296] Yama: becoming mindful.
[    0.167090] AppArmor: AppArmor initialized
[    0.167964] Mount-cache hash table entries: 2048 (order: 1, 8192 bytes)
[    0.169167] Mountpoint-cache hash table entries: 2048 (order: 1, 8192 bytes)
[    0.170568] Initializing cgroup subsys io
[    0.171406] Initializing cgroup subsys memory
[    0.172319] Initializing cgroup subsys devices
[    0.173246] Initializing cgroup subsys freezer
[    0.174186] Initializing cgroup subsys net_cls
[    0.175081] Initializing cgroup subsys perf_event
[    0.176028] Initializing cgroup subsys net_prio
[    0.176958] Initializing cgroup subsys hugetlb
[    0.177854] Initializing cgroup subsys pids
[    0.201394] mce: CPU supports 0 MCE banks
[    0.202287] Last level iTLB entries: 4KB 64, 2MB 8, 4MB 8
[    0.203370] Last level dTLB entries: 4KB 64, 2MB 0, 4MB 0, 1GB 4
[    0.204510] Spectre V1 : Mitigation: usercopy/swapgs barriers and __user pointer sanitization
[    0.206223] Spectre V2 : Mitigation: Full generic retpoline
[    0.207311] Spectre V2 : Spectre v2 / SpectreRSB mitigation: Filling RSB on context switch
[    0.209011] Speculative Store Bypass: Vulnerable
[    0.209986] SRBDS: Unknown: Dependent on hypervisor status
[    0.211159] MDS: Mitigation: Clear CPU buffers
[    0.215712] Freeing SMP alternatives memory: 36K
[    0.222304] ftrace: allocating 31626 entries in 62 pages
[    0.282442] smpboot: APIC(0) Converting physical 0 to logical package 0
[    0.283699] smpboot: Max logical packages: 1
[    0.284605] Enabling APIC mode:  Flat.  Using 1 I/O APICs
[    0.286971] ..TIMER: vector=0x30 apic1=0 pin1=2 apic2=-1 pin2=-1
[    0.396261] smpboot: CPU0: Intel(R) Core(TM) i7-9750H CPU @ 2.60GHz (family: 0x6, model: 0x9e, stepping: 0xa)
[    0.398271] Performance Events: unsupported p6 CPU model 158 no PMU driver, software events only.
[    0.406909] KVM setup paravirtual spinlock
[    0.408523] x86: Booting SMP configuration:
[    0.409377] .... node  #0, CPUs:      #1
[1266874886.332357] Initializing CPU#1
[    0.410652] kvm-clock: cpu 1, msr 0:37bfd041, secondary cpu clock
[    0.434472] mce: CPU supports 0 MCE banks
[    0.437025] x86: Booted up 1 node, 2 CPUs
[    0.438094] smpboot: Total of 2 processors activated (10368.01 BogoMIPS)
[    0.439702] devtmpfs: initialized
[    0.440601] evm: security.selinux
[    0.441402] evm: security.SMACK64
[    0.442146] evm: security.SMACK64EXEC
[    0.442936] evm: security.SMACK64TRANSMUTE
[    0.443803] evm: security.SMACK64MMAP
[    0.444610] evm: security.ima
[    0.445317] evm: security.capability
[    0.446309] clocksource: jiffies: mask: 0xffffffff max_cycles: 0xffffffff, max_idle_ns: 7645041785100000 ns
[    0.448197] futex hash table entries: 512 (order: 3, 32768 bytes)
[    0.449450] pinctrl core: initialized pinctrl subsystem
[    0.450557] RTC time: 22:07:18, date: 10/09/20
[    0.451790] NET: Registered protocol family 16
[    0.452867] EISA bus registered
[    0.465622] cpuidle: using governor ladder
[    0.478316] cpuidle: using governor menu
[    0.479137] PCCT header not found.
[    0.479981] ACPI: bus type PCI registered
[    0.480825] acpiphp: ACPI Hot Plug PCI Controller Driver version: 0.5
[    0.482235] PCI : PCI BIOS area is rw and x. Use pci=nobios if you want it NX.
[    0.483739] PCI: PCI BIOS revision 2.10 entry at 0xfda26, last bus=0
[    0.484848] PCI: Using configuration type 1 for base access
[    0.498497] ACPI: Added _OSI(Module Device)
[    0.499332] ACPI: Added _OSI(Processor Device)
[    0.500187] ACPI: Added _OSI(3.0 _SCP Extensions)
[    0.501102] ACPI: Added _OSI(Processor Aggregator Device)
[    0.502665] ACPI: Executed 1 blocks of module-level executable AML code
[    0.505719] ACPI: Interpreter enabled
[    0.506490] ACPI: (supports S0 S5)
[    0.507207] ACPI: Using IOAPIC for interrupt routing
[    0.518607] PCI: Using host bridge windows from ACPI; if necessary, use "pci=nocrs" and report a bug
[    0.523448] ACPI: PCI Root Bridge [PCI0] (domain 0000 [bus 00-ff])
[    0.524538] acpi PNP0A03:00: _OSC: OS supports [ASPM ClockPM Segments MSI]
[    0.526019] acpi PNP0A03:00: _OSC: not requesting OS control; OS requires [ExtendedConfig ASPM ClockPM MSI]
[    0.527838] acpi PNP0A03:00: fail to add MMCONFIG information, can't access extended PCI configuration space under this bridge.
[    0.530162] PCI host bridge to bus 0000:00
[    0.531002] pci_bus 0000:00: root bus resource [io  0x0000-0x0cf7 window]
[    0.532172] pci_bus 0000:00: root bus resource [io  0x0d00-0xffff window]
[    0.533351] pci_bus 0000:00: root bus resource [mem 0x000a0000-0x000bffff window]
[    0.534913] pci_bus 0000:00: root bus resource [mem 0x40000000-0xfdffffff window]
[    0.536400] pci_bus 0000:00: root bus resource [bus 00-ff]
[    0.538985] pci 0000:00:01.1: legacy IDE quirk: reg 0x10: [io  0x01f0-0x01f7]
[    0.540222] pci 0000:00:01.1: legacy IDE quirk: reg 0x14: [io  0x03f6]
[    0.541380] pci 0000:00:01.1: legacy IDE quirk: reg 0x18: [io  0x0170-0x0177]
[    0.542613] pci 0000:00:01.1: legacy IDE quirk: reg 0x1c: [io  0x0376]
[    0.551740] pci 0000:00:07.0: quirk: [io  0x4000-0x403f] claimed by PIIX4 ACPI
[    0.553216] pci 0000:00:07.0: quirk: [io  0x4100-0x410f] claimed by PIIX4 SMB
[    0.557311] ACPI: PCI Interrupt Link [LNKA] (IRQs 5 9 10 *11)
[    0.560282] ACPI: PCI Interrupt Link [LNKB] (IRQs 5 9 *10 11)
[    0.561772] ACPI: PCI Interrupt Link [LNKC] (IRQs 5 *9 10 11)
[    0.563239] ACPI: PCI Interrupt Link [LNKD] (IRQs 5 9 10 *11)
[    0.565623] ACPI: Enabled 2 GPEs in block 00 to 07
[    0.568044] vgaarb: setting as boot device: PCI:0000:00:02.0
[    0.569065] vgaarb: device added: PCI:0000:00:02.0,decodes=io+mem,owns=io+mem,locks=none
[    0.570653] vgaarb: loaded
[    0.571277] vgaarb: bridge control possible 0000:00:02.0
[    0.572457] SCSI subsystem initialized
[    0.573338] ACPI: bus type USB registered
[    0.574163] usbcore: registered new interface driver usbfs
[    0.575181] usbcore: registered new interface driver hub
[    0.576204] usbcore: registered new device driver usb
[    0.577407] PCI: Using ACPI for IRQ routing
[    0.578462] NetLabel: Initializing
[    0.579200] NetLabel:  domain hash size = 128
[    0.580058] NetLabel:  protocols = UNLABELED CIPSOv4
[    0.581047] NetLabel:  unlabeled traffic allowed by default
[    0.582190] amd_nb: Cannot enumerate AMD northbridges
[    0.583197] clocksource: Switched to clocksource kvm-clock
[    0.590165] AppArmor: AppArmor Filesystem Enabled
[    0.591214] pnp: PnP ACPI init
[    0.592884] pnp: PnP ACPI: found 3 devices
[    0.593743] PnPBIOS: Disabled by ACPI PNP
[    0.637515] clocksource: acpi_pm: mask: 0xffffff max_cycles: 0xffffff, max_idle_ns: 2085701024 ns
[    0.639442] NET: Registered protocol family 2
[    0.640542] TCP established hash table entries: 8192 (order: 3, 32768 bytes)
[    0.641867] TCP bind hash table entries: 8192 (order: 4, 65536 bytes)
[    0.643057] TCP: Hash tables configured (established 8192 bind 8192)
[    0.644274] UDP hash table entries: 512 (order: 2, 16384 bytes)
[    0.645386] UDP-Lite hash table entries: 512 (order: 2, 16384 bytes)
[    0.646587] NET: Registered protocol family 1
[    0.647485] pci 0000:00:00.0: Limiting direct PCI/PCI transfers
[    0.648635] pci 0000:00:01.0: Activating ISA DMA hang workarounds
[    0.649874] Unpacking initramfs...
[    0.869237] Freeing initrd memory: 14864K
[    0.870208] clocksource: tsc: mask: 0xffffffffffffffff max_cycles: 0x255cbae350f, max_idle_ns: 440795327587 ns
[    0.872270] platform rtc_cmos: registered platform RTC device (no PNP device found)
[    0.873966] Scanning for low memory corruption every 60 seconds
[    0.875351] audit: initializing netlink subsys (disabled)
[    0.876451] audit: type=2000 audit(1602281243.785:1): initialized
[    0.877743] Initialise system trusted keyring
[    0.878858] HugeTLB registered 2 MB page size, pre-allocated 0 pages
[    0.881009] zbud: loaded
[    0.882632] VFS: Disk quotas dquot_6.6.0
[    0.883500] VFS: Dquot-cache hash table entries: 1024 (order 0, 4096 bytes)
[    0.884896] squashfs: version 4.0 (2009/01/31) Phillip Lougher
[    0.886191] fuse init (API version 7.23)
[    0.887139] Key type big_key registered
[    0.888014] Allocating IMA MOK and blacklist keyrings.
[    0.890595] Key type asymmetric registered
[    0.891485] Asymmetric key parser 'x509' registered
[    0.892517] bounce: pool size: 64 pages
[    0.893391] Block layer SCSI generic (bsg) driver version 0.4 loaded (major 249)
[    0.895095] io scheduler noop registered
[    0.896012] io scheduler deadline registered (default)
[    0.897130] io scheduler cfq registered
[    0.898117] pci_hotplug: PCI Hot Plug PCI Core version: 0.5
[    0.899280] pciehp: PCI Express Hot Plug Controller Driver version: 0.4
[    0.900770] ACPI: AC Adapter [AC] (on-line)
[    0.901776] input: Power Button as /devices/LNXSYSTM:00/LNXPWRBN:00/input/input0
[    0.903500] ACPI: Power Button [PWRF]
[    0.904471] input: Sleep Button as /devices/LNXSYSTM:00/LNXSLPBN:00/input/input1
[    0.906164] ACPI: Sleep Button [SLPF]
[    0.907849] ACPI: Battery Slot [BAT0] (battery present)
[    0.909010] GHES: HEST is not enabled!
[    0.909962] isapnp: Scanning for PnP cards...
[    0.911556] Serial: 8250/16550 driver, 32 ports, IRQ sharing enabled
[    0.933469] 00:02: ttyS0 at I/O 0x3f8 (irq = 4, base_baud = 115200) is a 16550A
[    0.936395] Linux agpgart interface v0.103
[    0.938412] loop: module loaded
[    0.939661] scsi host0: ata_piix
[    0.940538] scsi host1: ata_piix
[    0.941388] ata1: PATA max UDMA/33 cmd 0x1f0 ctl 0x3f6 bmdma 0xd000 irq 14
[    0.942713] ata2: PATA max UDMA/33 cmd 0x170 ctl 0x376 bmdma 0xd008 irq 15
[    0.944443] libphy: Fixed MDIO Bus: probed
[    0.945331] tun: Universal TUN/TAP device driver, 1.6
[    0.946390] tun: (C) 1999-2004 Max Krasnyansky <maxk@qualcomm.com>
[    0.947755] PPP generic driver version 2.4.2
[    0.948817] ehci_hcd: USB 2.0 'Enhanced' Host Controller (EHCI) Driver
[    0.950075] ehci-pci: EHCI PCI platform driver
[    0.951054] ehci-platform: EHCI generic platform driver
[    0.952231] ohci_hcd: USB 1.1 'Open' Host Controller (OHCI) Driver
[    0.953440] ohci-pci: OHCI PCI platform driver
[    0.954456] ohci-platform: OHCI generic platform driver
[    0.955563] uhci_hcd: USB Universal Host Controller Interface driver
[    0.956868] i8042: PNP: PS/2 Controller [PNP0303:PS2K,PNP0f03:PS2M] at 0x60,0x64 irq 1,12
[    0.959349] serio: i8042 KBD port at 0x60,0x64 irq 1
[    0.960448] serio: i8042 AUX port at 0x60,0x64 irq 12
[    0.961594] mousedev: PS/2 mouse device common for all mice
[    0.963165] rtc_cmos rtc_cmos: rtc core: registered rtc_cmos as rtc0
[    0.964570] input: AT Translated Set 2 keyboard as /devices/platform/i8042/serio0/input/input2
[    0.966438] rtc_cmos rtc_cmos: alarms up to one day, 114 bytes nvram
[    0.967984] i2c /dev entries driver
[    0.968973] device-mapper: uevent: version 1.0.3
[    0.970175] device-mapper: ioctl: 4.34.0-ioctl (2015-10-28) initialised: dm-devel@redhat.com
[    0.972341] platform eisa.0: Probing EISA bus 0
[    0.973479] platform eisa.0: EISA: Cannot allocate resource for mainboard
[    0.975043] platform eisa.0: Cannot allocate resource for EISA slot 1
[    0.976618] platform eisa.0: Cannot allocate resource for EISA slot 2
[    0.978085] platform eisa.0: Cannot allocate resource for EISA slot 3
[    0.979610] platform eisa.0: Cannot allocate resource for EISA slot 4
[    0.981159] platform eisa.0: Cannot allocate resource for EISA slot 5
[    0.982678] platform eisa.0: Cannot allocate resource for EISA slot 6
[    0.984217] platform eisa.0: Cannot allocate resource for EISA slot 7
[    0.985709] platform eisa.0: Cannot allocate resource for EISA slot 8
[    0.987086] platform eisa.0: EISA: Detected 0 cards
[    0.988243] cpufreq-nforce2: No nForce2 chipset.
[    0.989322] ledtrig-cpu: registered to indicate activity on CPUs
[    0.990909] NET: Registered protocol family 10
[    0.992152] NET: Registered protocol family 17
[    0.993202] Key type dns_resolver registered
[    0.994332] Using IPI No-Shortcut mode
[    0.995376] registered taskstats version 1
[    0.996363] Loading compiled-in X.509 certificates
[    0.999158] Loaded X.509 cert 'Build time autogenerated kernel key: 55b48316493ed1b8789cf18b00a8ae43235c1814'
[    1.001435] zswap: loaded using pool lzo/zbud
[    1.003910] Key type trusted registered
[    1.007285] Key type encrypted registered
[    1.008282] AppArmor: AppArmor sha1 policy hashing enabled
[    1.009467] ima: No TPM chip found, activating TPM-bypass!
[    1.010659] ima: Allocated hash algorithm: sha1
[    1.011738] evm: HMAC attrs: 0x1
[    1.012817]   Magic number: 8:101:148
[    1.013793] rtc_cmos rtc_cmos: setting system clock to 2020-10-09 22:07:19 UTC (1602281239)
[    1.015783] BIOS EDD facility v0.16 2004-Jun-25, 0 devices found
[    1.017063] EDD information not available.
[    1.267928] isapnp: No Plug & Play device found
[    1.269048] Freeing unused kernel memory: 940K
[    1.599831] Write protecting the kernel text: 8152k
[    1.600804] Write protecting the kernel read-only data: 3216k
[    1.601829] NX-protecting the kernel data: 6184k
Loading, please wait...
starting version 229
[    1.613116] random: systemd-udevd: uninitialized urandom read (16 bytes read, 0 bits of entropy available)
[    1.613604] random: udevadm: uninitialized urandom read (16 bytes read, 0 bits of entropy available)
[    1.616743] random: systemd-udevd: uninitialized urandom read (16 bytes read, 0 bits of entropy available)
[    1.618551] random: systemd-udevd: uninitialized urandom read (16 bytes read, 0 bits of entropy available)
[    1.622636] random: udevadm: uninitialized urandom read (16 bytes read, 0 bits of entropy available)
[    1.623436] random: systemd-udevd: uninitialized urandom read (16 bytes read, 0 bits of entropy available)
[    1.636751] random: udevadm: uninitialized urandom read (16 bytes read, 0 bits of entropy available)
[    1.638619] random: udevadm: uninitialized urandom read (16 bytes read, 0 bits of entropy available)
[    1.640428] random: udevadm: uninitialized urandom read (16 bytes read, 0 bits of entropy available)
[    1.642191] random: udevadm: uninitialized urandom read (16 bytes read, 0 bits of entropy available)
[    1.664711] e1000: Intel(R) PRO/1000 Network Driver - version 7.3.21-k8-NAPI
[    1.665918] e1000: Copyright (c) 1999-2006 Intel Corporation.
[    1.674495] Fusion MPT base driver 3.04.20
[    1.675342] Copyright (c) 1999-2008 LSI Corporation
[    1.687488] [drm] Initialized drm 1.1.0 20060810
[    1.712043] Fusion MPT SPI Host driver 3.04.20
[    1.749712] vboxvideo: loading out-of-tree module taints kernel.
[    1.750967] vboxvideo: module verification failed: signature and/or required key missing - tainting kernel
[    1.895345] input: ImExPS/2 Generic Explorer Mouse as /devices/platform/i8042/serio1/input/input4
[    2.061626] e1000 0000:00:03.0 eth0: (PCI:33MHz:32-bit) 02:07:b3:94:5e:7e
[    2.062823] e1000 0000:00:03.0 eth0: Intel(R) PRO/1000 Network Connection
[    2.064716] mptbase: ioc0: Initiating bringup
[    2.066151] e1000 0000:00:03.0 enp0s3: renamed from eth0
[    2.626671] ioc0: LSI53C1030 A0: Capabilities={Initiator}
[    4.775155] scsi host2: ioc0: LSI53C1030 A0, FwRev=00000000h, Ports=1, MaxQ=256, IRQ=20
[    6.852891] scsi 2:0:0:0: Direct-Access     VBOX     HARDDISK         1.0  PQ: 0 ANSI: 5
[    6.854477] scsi target2:0:0: Beginning Domain Validation
[    6.856435] [drm] VRAM 01000000
[    6.857312] [TTM] Zone  kernel: Available graphics memory: 444280 kiB
[    6.858455] [TTM] Zone highmem: Available graphics memory: 511836 kiB
[    6.859597] [TTM] Initializing pool allocator
[    6.860460] [TTM] Initializing DMA pool allocator
[    6.861963] scsi target2:0:0: Domain Validation skipping write tests
[    6.863069] scsi target2:0:0: Ending Domain Validation
[    6.865269] scsi target2:0:0: asynchronous
[    6.866283] fbcon: vboxdrmfb (fb0) is primary device
[    6.872906] Console: switching to colour frame buffer device 100x37
[    6.872914] scsi 2:0:1:0: Direct-Access     VBOX     HARDDISK         1.0  PQ: 0 ANSI: 5
[    6.872917] scsi target2:0:1: Beginning Domain Validation
[    6.876448] vboxvideo 0000:00:02.0: fb0: vboxdrmfb frame buffer device
[    6.878167] scsi target2:0:1: Domain Validation skipping write tests
[    6.878863] scsi target2:0:1: Ending Domain Validation
[    6.879509] scsi target2:0:1: asynchronous
[    6.885588] sd 2:0:0:0: Attached scsi generic sg0 type 0
[    6.886329] sd 2:0:0:0: [sda] 20971520 512-byte logical blocks: (10.7 GB/10.0 GiB)
[    6.887410] sd 2:0:1:0: [sdb] 20480 512-byte logical blocks: (10.5 MB/10.0 MiB)
[    6.887650] sd 2:0:1:0: Attached scsi generic sg1 type 0
[    6.888891] sd 2:0:0:0: [sda] Write Protect is off
[    6.888985] sd 2:0:1:0: [sdb] Write Protect is off
[    6.889060] sd 2:0:1:0: [sdb] Incomplete mode parameter data
[    6.889062] sd 2:0:1:0: [sdb] Assuming drive cache: write through
[    6.892089] [drm] Initialized vboxvideo 1.0.0 20130823 for 0000:00:02.0 on minor 0
[    6.893856] sd 2:0:1:0: [sdb] Attached SCSI disk
[    6.894698] sd 2:0:0:0: [sda] Incomplete mode parameter data
[    6.895568] sd 2:0:0:0: [sda] Assuming drive cache: write through
[    6.897622]  sda: sda1
[    6.898973] sd 2:0:0:0: [sda] Attached SCSI disk
Begin: Loading essential drivers ... [    6.994034] md: linear personality registered for level -1
[    6.997999] md: multipath personality registered for level -4
[    7.001994] md: raid0 personality registered for level 0
[    7.007624] md: raid1 personality registered for level 1
[    7.079829] raid6: mmxx1    gen()  7600 MB/s
[    7.147214] raid6: mmxx2    gen()  7482 MB/s
[    7.215509] raid6: sse1x1   gen()  5188 MB/s
[    7.283811] raid6: sse1x2   gen()  7088 MB/s
[    7.351229] raid6: sse2x1   gen() 10096 MB/s
[    7.419469] raid6: sse2x1   xor()  8294 MB/s
[    7.487786] raid6: sse2x2   gen() 15336 MB/s
[    7.556108] raid6: sse2x2   xor() 10367 MB/s
[    7.623473] raid6: avx2x1   gen() 24002 MB/s
[    7.691772] raid6: avx2x2   gen() 27421 MB/s
[    7.692699] raid6: using algorithm avx2x2 gen() 27421 MB/s
[    7.693799] raid6: using avx2x1 recovery algorithm
[    7.697421] xor: automatically using best checksumming function:
[    7.735203]    avx       : 24874.000 MB/sec
[    7.738000] async_tx: api initialized (async)
[    7.754486] md: raid6 personality registered for level 6
[    7.755357] md: raid5 personality registered for level 5
[    7.756250] md: raid4 personality registered for level 4
[    7.764000] md: raid10 personality registered for level 10
done.
Begin: Running /scripts/init-premount ... done.
Begin: Mounting root file system ... Begin: Running /scripts/local-top ... done.
Begin: Running /scripts/local-premount ... [    7.797055] Btrfs loaded
Scanning for Btrfs filesystems
done.
Warning: fsck not present, so skipping root file system
[    7.821540] EXT4-fs (sda1): mounted filesystem with ordered data mode. Opts: (null)
done.
Begin: Running /scripts/local-bottom ... done.
Begin: Running /scripts/init-bottom ... done.
[    7.908143] systemd[1]: systemd 229 running in system mode. (+PAM +AUDIT +SELINUX +IMA +APPARMOR +SMACK +SYSVINIT +UTMP +LIBCRYPTSETUP +GCRYPT +GNUTLS +ACL +XZ -LZ4 +SECCOMP +BLKID +ELFUTILS +KMOD -IDN)
[    7.910931] systemd[1]: Detected virtualization oracle.
[    7.911844] systemd[1]: Detected architecture x86.

Welcome to [1mUbuntu 16.04.7 LTS[0m!

[    7.915321] systemd[1]: Set hostname to <ubuntu-xenial>.
[    8.045034] systemd[1]: Listening on Device-mapper event daemon FIFOs.
[[0;32m  OK  [0m] Listening on Device-mapper event daemon FIFOs.
[    8.046964] systemd[1]: Listening on LVM2 metadata daemon socket.
[[0;32m  OK  [0m] Listening on LVM2 metadata daemon socket.
[    8.056088] systemd[1]: Started Forward Password Requests to Wall Directory Watch.
[[0;32m  OK  [0m] Started Forward Password Requests to Wall Directory Watch.
[    8.058165] systemd[1]: Started Trigger resolvconf update for networkd DNS.
[[0;32m  OK  [0m] Started Trigger resolvconf update for networkd DNS.
[    8.060149] systemd[1]: Listening on Journal Socket (/dev/log).
[[0;32m  OK  [0m] Listening on Journal Socket (/dev/log).
[    8.067794] systemd[1]: Listening on Syslog Socket.
[[0;32m  OK  [0m] Listening on Syslog Socket.
[    8.069315] systemd[1]: Reached target Encrypted Volumes.
[[0;32m  OK  [0m] Reached target Encrypted Volumes.
[    8.071151] systemd[1]: Created slice User and Session Slice.
[[0;32m  OK  [0m] Created slice User and Session Slice.
[    8.072905] systemd[1]: Listening on Journal Audit Socket.
[[0;32m  OK  [0m] Listening on Journal Audit Socket.
[    8.074543] systemd[1]: Reached target User and Group Name Lookups.
[[0;32m  OK  [0m] Reached target User and Group Name Lookups.
[    8.076379] systemd[1]: Listening on LVM2 poll daemon socket.
[[0;32m  OK  [0m] Listening on LVM2 poll daemon socket.
[    8.083421] systemd[1]: Listening on Journal Socket.
[[0;32m  OK  [0m] Listening on Journal Socket.
[    8.084963] systemd[1]: Reached target Swap.
[[0;32m  OK  [0m] Reached target Swap.
[    8.086394] systemd[1]: Listening on udev Control Socket.
[[0;32m  OK  [0m] Listening on udev Control Socket.
[    8.096097] systemd[1]: Listening on /dev/initctl Compatibility Named Pipe.
[[0;32m  OK  [0m] Listening on /dev/initctl Compatibility Named Pipe.
[    8.098156] systemd[1]: Set up automount Arbitrary Executable File Formats File System Automount Point.
[[0;32m  OK  [0m] Set up automount Arbitrary Executab...ats File System Automount Point.
[    8.100918] systemd[1]: Reached target System Time Synchronized.
[[0;32m  OK  [0m] Reached target System Time Synchronized.
[    8.102735] systemd[1]: Listening on udev Kernel Socket.
[[0;32m  OK  [0m] Listening on udev Kernel Socket.
[    8.104619] systemd[1]: Created slice System Slice.
[[0;32m  OK  [0m] Created slice System Slice.
[    8.115550] systemd[1]: Starting Nameserver information manager...
         Starting Nameserver information manager...
[    8.123824] systemd[1]: Mounting POSIX Message Queue File System...
         Mounting POSIX Message Queue File System...
[    8.126010] systemd[1]: Mounting Debug File System...
         Mounting Debug File System...
[    8.127741] systemd[1]: Created slice system-serial\x2dgetty.slice.
[[0;32m  OK  [0m] Created slice system-serial\x2dgetty.slice.
[    8.130026] systemd[1]: Starting Set console keymap...
         Starting Set console keymap...
[    8.132159] systemd[1]: Reached target Slices.
[[0;32m  OK  [0m] Reached target Slices.
[    8.134478] systemd[1]: Starting Create list of required static device nodes for the current kernel...
         Starting Create list of required st... nodes for the current kernel...
[    8.137818] systemd[1]: Mounting Huge Pages File System...
         Mounting Huge Pages File System...
[    8.140196] systemd[1]: Starting Monitoring of LVM2 mirrors, snapshots etc. using dmeventd or progress polling...
         Starting Monitoring of LVM2 mirrors... dmeventd or progress polling...
[    8.143862] systemd[1]: Starting Remount Root and Kernel File Systems...
         Starting Remount Root and Kernel File Systems...
[    8.148362] EXT4-fs (sda1): re-mounted. Opts: (null)
[    8.151733] systemd[1]: Starting Uncomplicated firewall...
         Starting Uncomplicated firewall...
[    8.155256] systemd[1]: Starting Load Kernel Modules...
         Starting Load Kernel Modules...
[    8.157341] systemd[1]: Starting Journal Service...
         Starting Journal Service...
[    8.160464] systemd[1]: Mounted POSIX Message Queue File System.
[[0;32m  OK  [0m] Mounted POSIX Message Queue File System.
[    8.166689] Loading iSCSI transport class v2.0-870.
[    8.171611] systemd[1]: Mounted Debug File System.
[[0;32m  OK  [0m] Mounted Debug File System.
[    8.173191] systemd[1]: Mounted Huge Pages File System.
[[0;32m  OK  [0m] Mounted Huge Pages File System.
[    8.188558] iscsi: registered transport (tcp)
[    8.195922] systemd[1]: Started Create list of required static device nodes for the current kernel.
[[0;32m  OK  [0m] Started Create list of required sta...ce nodes for the current kernel.
[    8.201006] systemd[1]: Started Remount Root and Kernel File Systems.
[[0;32m  OK  [0m] Started Remount Root and Kernel File Systems.
[    8.203487] systemd[1]: Started Uncomplicated firewall.
[[0;32m  OK  [0m] Started Uncomplicated firewall.
[    8.205567] systemd[1]: Started Nameserver information manager.
[[0;32m  OK  [0m] Started Nameserver information manager.
[    8.208613] systemd[1]: Started Journal Service.
[[0;32m  OK  [0m] Started Journal Service.
[[0;32m  OK  [0m] Started LVM2 metadata daemon.
         Starting Flush Journal to Persistent Storage...
         Starting Load/Save Random Seed...
         Starting udev Coldplug all Devices...
         Starting Create Static Device Nodes in /dev...
[[0;32m  OK  [0m] Started Set console keymap.
[[0;32m  OK  [0m] Started Load/Save Random Seed.
[    8.253455] systemd-journald[403]: Received request to flush runtime journal from PID 1
[[0;32m  OK  [0m] Started Create Static Device Nodes in /dev.
         Starting udev Kernel Device Manager...
[[0;32m  OK  [0m] Started Flush Journal to Persistent Storage.
[    8.262669] iscsi: registered transport (iser)
[[0;32m  OK  [0m] Started Load Kernel Modules.
         Starting Apply Kernel Variables...
         Mounting FUSE Control File System...
[[0;32m  OK  [0m] Mounted FUSE Control File System.
[[0;32m  OK  [0m] Started Apply Kernel Variables.
[[0;32m  OK  [0m] Started udev Kernel Device Manager.
[[0;32m  OK  [0m] Started udev Coldplug all Devices.
[[0;32m  OK  [0m] Started Dispatch Password Requests to Console Directory Watch.
[[0;32m  OK  [0m] Found device /dev/ttyS0.
[[0;32m  OK  [0m] Listening on Load/Save RF Kill Switch Status /dev/rfkill Watch.
[[0;32m  OK  [0m] Found device 82540EM Gigabit Ethern...r (PRO/1000 MT Desktop Adapter).
[[0;32m  OK  [0m] Started Monitoring of LVM2 mirrors,...ng dmeventd or progress polling.
[[0;32m  OK  [0m] Reached target Local File Systems (Pre).
[[0;32m  OK  [0m] Reached target Local File Systems.
         Starting Tell Plymouth To Write Out Runtime Data...
         Starting Set console font and keymap...
         Starting Initial cloud-init job (pre-networking)...
         Starting Create Volatile Files and Directories...
         Starting LSB: AppArmor initialization...
         Mounting /vagrant...
[[0;32m  OK  [0m] Mounted /vagrant.
[[0;32m  OK  [0m] Started Tell Plymouth To Write Out Runtime Data.
[[0;32m  OK  [0m] Started Create Volatile Files and Directories.
         Starting Update UTMP about System Boot/Shutdown...
[[0;32m  OK  [0m] Started Update UTMP about System Boot/Shutdown.
[[0;32m  OK  [0m] Started Set console font and keymap.
[[0;32m  OK  [0m] Created slice system-getty.slice.
[[0;32m  OK  [0m] Started LSB: AppArmor initialization.
         Starting Load AppArmor profiles managed internally by snapd...
[[0;32m  OK  [0m] Started Load AppArmor profiles managed internally by snapd.
[    9.288517] cloud-init[611]: Cloud-init v. 20.3-2-g371b392c-0ubuntu1~16.04.1 running 'init-local' at Fri, 09 Oct 2020 22:07:27 +0000. Up 9.00 seconds.
[[0;32m  OK  [0m] Started Initial cloud-init job (pre-networking).
[[0;32m  OK  [0m] Reached target Network (Pre).
         Starting Raise network interfaces...
[[0;32m  OK  [0m] Started ifup for enp0s3.
[[0;32m  OK  [0m] Started Raise network interfaces.
         Starting Initial cloud-init job (metadata service crawler)...
[[0;32m  OK  [0m] Reached target Network.
[   10.185746] cloud-init[986]: Cloud-init v. 20.3-2-g371b392c-0ubuntu1~16.04.1 running 'init' at Fri, 09 Oct 2020 22:07:28 +0000. Up 9.86 seconds.
[   10.192558] cloud-init[986]: ci-info: +++++++++++++++++++++++++++++++++++++Net device info++++++++++++++++++++++++++++++++++++++
[   10.194061] cloud-init[986]: ci-info: +--------+------+---------------------------+---------------+--------+-------------------+
[   10.195547] cloud-init[986]: ci-info: | Device |  Up  |          Address          |      Mask     | Scope  |     Hw-Address    |
[   10.197033] cloud-init[986]: ci-info: +--------+------+---------------------------+---------------+--------+-------------------+
[   10.198521] cloud-init[986]: ci-info: | enp0s3 | True |         10.0.2.15         | 255.255.255.0 | global | 02:07:b3:94:5e:7e |
[   10.200013] cloud-init[986]: ci-info: | enp0s3 | True | fe80::7:b3ff:fe94:5e7e/64 |       .       |  link  | 02:07:b3:94:5e:7e |
[   10.201514] cloud-init[986]: ci-info: |   lo   | True |         127.0.0.1         |   255.0.0.0   |  host  |         .         |
[   10.202953] cloud-init[986]: ci-info: |   lo   | True |          ::1/128          |       .       |  host  |         .         |
[   10.204491] cloud-init[986]: ci-info: +--------+------+---------------------------+---------------+--------+-------------------+
[   10.205971] cloud-init[986]: ci-info: +++++++++++++++++++++++++++Route IPv4 info++++++++++++++++++++++++++++
[   10.207273] cloud-init[986]: ci-info: +-------+-------------+----------+---------------+-----------+-------+
[   10.208595] cloud-init[986]: ci-info: | Route | Destination | Gateway  |    Genmask    | Interface | Flags |
[   10.209890] cloud-init[986]: ci-info: +-------+-------------+----------+---------------+-----------+-------+
[   10.211200] cloud-init[986]: ci-info: |   0   |   0.0.0.0   | 10.0.2.2 |    0.0.0.0    |   enp0s3  |   UG  |
[   10.212527] cloud-init[986]: ci-info: |   1   |   10.0.2.0  | 0.0.0.0  | 255.255.255.0 |   enp0s3  |   U   |
[   10.213894] cloud-init[986]: ci-info: +-------+-------------+----------+---------------+-----------+-------+
[   10.215243] cloud-init[986]: ci-info: +++++++++++++++++++Route IPv6 info+++++++++++++++++++
[   10.216436] cloud-init[986]: ci-info: +-------+-------------+---------+-----------+-------+
[   10.217616] cloud-init[986]: ci-info: | Route | Destination | Gateway | Interface | Flags |
[   10.218795] cloud-init[986]: ci-info: +-------+-------------+---------+-----------+-------+
[   10.219966] cloud-init[986]: ci-info: |   0   |  fe80::/64  |    ::   |   enp0s3  |   U   |
[   10.221226] cloud-init[986]: ci-info: |   3   |   ff00::/8  |    ::   |   enp0s3  |   U   |
[   10.222446] cloud-init[986]: ci-info: +-------+-------------+---------+-----------+-------+
[[0;32m  OK  [0m] Started Initial cloud-init job (metadata service crawler).
[[0;32m  OK  [0m] Reached target System Initialization.
[[0;32m  OK  [0m] Started Daily apt download activities.
[[0;32m  OK  [0m] Started Message of the Day.
[[0;32m  OK  [0m] Listening on UUID daemon activation socket.
         Starting Socket activation for snappy daemon.
[[0;32m  OK  [0m] Started ACPI Events Check.
[[0;32m  OK  [0m] Reached target Paths.
         Starting LXD - unix socket.
[[0;32m  OK  [0m] Listening on ACPID Listen Socket.
[[0;32m  OK  [0m] Listening on D-Bus System Message Bus Socket.
[[0;32m  OK  [0m] Started Daily Cleanup of Temporary Directories.
[[0;32m  OK  [0m] Started Daily apt upgrade and clean activities.
[[0;32m  OK  [0m] Reached target Timers.
[[0;32m  OK  [0m] Reached target Network is Online.
         Starting iSCSI initiator daemon (iscsid)...
[[0;32m  OK  [0m] Reached target Cloud-config availability.
[[0;32m  OK  [0m] Listening on Socket activation for snappy daemon.
[[0;32m  OK  [0m] Listening on LXD - unix socket.
[[0;32m  OK  [0m] Reached target Sockets.
[[0;32m  OK  [0m] Reached target Basic System.
[[0;32m  OK  [0m] Started FUSE filesystem for LXC.
         Starting /etc/rc.local Compatibility...
         Starting vboxadd.service...
         Starting System Logging Service...
         Starting LXD - container startup/shutdown...
         Starting LSB: MD monitoring daemon...
         Starting Accounts Service...
[[0;32m  OK  [0m] Started Regular background program processing daemon.
         Starting LSB: Record successful boot for GRUB...
         Starting OpenBSD Secure Shell server...
         Starting Login Service...
         Starting MySQL Community Server...
[[0;32m  OK  [0m] Started D-Bus System Message Bus.
[[0;32m  OK  [0m] Started Deferred execution scheduler.
[[0;32m  OK  [0m] Started ACPI event daemon.
         Starting Snap Daemon...
[[0;32m  OK  [0m] Started System Logging Service.
[[0;32m  OK  [0m] Started iSCSI initiator daemon (iscsid).
[[0;32m  OK  [0m] Started /etc/rc.local Compatibility.
[[0;32m  OK  [0m] Started OpenBSD Secure Shell server.
[[0;32m  OK  [0m] Started Login Service.
[[0;32m  OK  [0m] Started LSB: Record successful boot for GRUB.
[[0;32m  OK  [0m] Started Unattended Upgrades Shutdown.
         Starting Authenticate and Authorize Users to Run Privileged Tasks...
         Starting Login to default iSCSI targets...
[[0;32m  OK  [0m] Started LSB: MD monitoring daemon.
[[0;32m  OK  [0m] Started LXD - container startup/shutdown.
[[0;32m  OK  [0m] Started Authenticate and Authorize Users to Run Privileged Tasks.
[[0;32m  OK  [0m] Started Login to default iSCSI targets.
[[0;32m  OK  [0m] Reached target Remote File Systems (Pre).
[[0;32m  OK  [0m] Reached target Remote File Systems.
         Starting LSB: automatic crash report generation...
         Starting LSB: Set the CPU Frequency Scaling governor to "ondemand"...
         Starting LSB: daemon to balance interrupts for SMP systems...
         Starting Permit User Sessions...
[[0;32m  OK  [0m] Started Accounts Service.
[[0;32m  OK  [0m] Started Permit User Sessions.
         Starting Terminate Plymouth Boot Screen...
         Starting Hold until boot process finishes up...
[[0;32m  OK  [0m] Started Hold until boot process finishes up.
[[0;32m  OK  [0m] Started Terminate Plymouth Boot Screen.
[[0;32m  OK  [0m] Started Getty on tty1.
[[0;32m  OK  [0m] Started Serial Getty on ttyS0.
[[0;32m  OK  [0m] Reached target Login Prompts.
         Starting Set console scheme...
[[0;32m  OK  [0m] Started Set console scheme.
[[0;32m  OK  [0m] Started LSB: Set the CPU Frequency Scaling governor to "ondemand".
[[0;32m  OK  [0m] Started LSB: automatic crash report generation.
[[0;32m  OK  [0m] Started LSB: daemon to balance interrupts for SMP systems.
[[0;32m  OK  [0m] Started Snap Daemon.
         Starting Wait until snapd is fully seeded...
[[0;32m  OK  [0m] Started Wait until snapd is fully seeded.
         Starting Apply the settings specified in cloud-config...
[[0;32m  OK  [0m] Started vboxadd.service.
         Starting vboxadd-service.service...
[[0;32m  OK  [0m] Started vboxadd-service.service.
[   11.375045] cloud-init[1256]: Cloud-init v. 20.3-2-g371b392c-0ubuntu1~16.04.1 running 'modules:config' at Fri, 09 Oct 2020 22:07:29 +0000. Up 11.22 seconds.
[[0;32m  OK  [0m] Started Apply the settings specified in cloud-config.
[[0;32m  OK  [0m] Started MySQL Community Server.
[[0;32m  OK  [0m] Reached target Multi-User System.
[[0;32m  OK  [0m] Reached target Graphical Interface.
         Starting Execute cloud user/final scripts...
         Starting Update UTMP about System Runlevel Changes...
[[0;32m  OK  [0m] Started Update UTMP about System Runlevel Changes.
[   12.018287] cloud-init[1370]: Cloud-init v. 20.3-2-g371b392c-0ubuntu1~16.04.1 running 'modules:final' at Fri, 09 Oct 2020 22:07:30 +0000. Up 11.86 seconds.
[   12.028416] cloud-init[1370]: Cloud-init v. 20.3-2-g371b392c-0ubuntu1~16.04.1 finished at Fri, 09 Oct 2020 22:07:30 +0000. Datasource DataSourceNoCloud [seed=/dev/sdb][dsmode=net].  Up 12.00 seconds
[[0;32m  OK  [0m] Started Execute cloud user/final scripts.
[[0;32m  OK  [0m] Reached target Cloud-init target.

Ubuntu 16.04.7 LTS ubuntu-xenial ttyS0

ubuntu-xenial login: 